// Jest Snapshot v1, https://goo.gl/fbAQLP

exports[`CreateTaskButton matches snapshot 1`] = `
<View>
  <RCTSafeAreaView
    style={
      [
        {
          "backgroundColor": "#FFF",
        },
        {
          "flexGrow": 1,
        },
      ]
    }
  >
    <View
      style={
        [
          {
            "alignItems": "center",
            "flexDirection": "row",
            "minHeight": 44,
            "paddingLeft": 15,
            "paddingRight": 20,
          },
          {
            "alignItems": "center",
            "backgroundColor": "transparent",
            "height": 290,
            "highlightColor": "#ccc",
            "justifyContent": "center",
            "paddingBottom": 25,
            "paddingTop": 25,
            "width": "100%",
          },
        ]
      }
    >
      <View
        accessibilityState={
          {
            "busy": undefined,
            "checked": undefined,
            "disabled": undefined,
            "expanded": undefined,
            "selected": undefined,
          }
        }
        accessibilityValue={
          {
            "max": undefined,
            "min": undefined,
            "now": undefined,
            "text": undefined,
          }
        }
        accessible={true}
        collapsable={false}
        focusable={true}
        onClick={[Function]}
        onResponderGrant={[Function]}
        onResponderMove={[Function]}
        onResponderRelease={[Function]}
        onResponderTerminate={[Function]}
        onResponderTerminationRequest={[Function]}
        onStartShouldSetResponder={[Function]}
        style={
          {
            "backgroundColor": "white",
            "borderColor": "purple",
            "borderRadius": 10,
            "borderWidth": 2,
            "opacity": 1,
            "padding": 20,
            "width": "100%",
          }
        }
      >
        <View
          style={
            {
              "alignItems": "center",
              "flex": 1,
              "justifyContent": "center",
            }
          }
        >
          <Text
            style={
              {
                "color": "purple",
                "fontSize": 24,
              }
            }
          >
            +
          </Text>
        </View>
      </View>
    </View>
  </RCTSafeAreaView>
</View>
`;
