// Jest Snapshot v1, https://goo.gl/fbAQLP

exports[`Card Component matches snapshot 1`] = `
<View>
  <RCTSafeAreaView
    style={
      [
        {
          "backgroundColor": "#FFF",
        },
        {
          "flexGrow": 1,
        },
      ]
    }
  >
    <View
      style={
        [
          {
            "alignItems": "center",
            "flexDirection": "row",
            "minHeight": 44,
            "paddingLeft": 15,
            "paddingRight": 20,
          },
          {
            "alignItems": "center",
            "backgroundColor": "transparent",
            "height": 250,
            "highlightColor": "#ccc",
            "justifyContent": "center",
            "marginVertical": 40,
            "padding": 20,
            "width": "100%",
          },
        ]
      }
    >
      <View
        onPress={[Function]}
        style={
          [
            {
              "borderRadius": 10,
              "height": 260,
              "overflow": "hidden",
              "width": "100%",
            },
            {
              "backgroundColor": "transparent",
            },
          ]
        }
      >
        <View
          style={
            {
              "alignItems": "center",
              "flex": 1,
              "justifyContent": "center",
            }
          }
        >
          <Image
            resizeMode="cover"
            source={1}
            style={
              {
                "height": "100%",
                "margin": 0,
                "padding": 0,
                "position": "absolute",
                "width": "100%",
              }
            }
          />
          <Text
            style={
              {
                "backgroundColor": "white",
                "fontSize": 24,
                "left": "5%",
                "padding": 5,
                "position": "absolute",
                "top": "20%",
              }
            }
          >
            The Ice Cream Card
          </Text>
          <Text
            style={
              {
                "backgroundColor": "white",
                "fontSize": 15,
                "left": "5%",
                "padding": 5,
                "position": "absolute",
                "top": "75%",
              }
            }
          >
            Card No.: 
            992847266036
          </Text>
        </View>
      </View>
    </View>
  </RCTSafeAreaView>
</View>
`;
