// Jest Snapshot v1, https://goo.gl/fbAQLP

exports[`CreatePlanButton Component matches snapshot 1`] = `
<View
  accessibilityState={
    {
      "busy": undefined,
      "checked": undefined,
      "disabled": undefined,
      "expanded": undefined,
      "selected": undefined,
    }
  }
  accessibilityValue={
    {
      "max": undefined,
      "min": undefined,
      "now": undefined,
      "text": undefined,
    }
  }
  accessible={true}
  collapsable={false}
  focusable={true}
  onClick={[Function]}
  onResponderGrant={[Function]}
  onResponderMove={[Function]}
  onResponderRelease={[Function]}
  onResponderTerminate={[Function]}
  onResponderTerminationRequest={[Function]}
  onStartShouldSetResponder={[Function]}
  style={
    {
      "alignItems": "center",
      "backgroundColor": "#e8e9ed",
      "borderRadius": 10,
      "height": 220,
      "justifyContent": "center",
      "marginBottom": 20,
      "opacity": 1,
      "width": 710,
    }
  }
>
  <Text
    style={
      {
        "fontSize": 25,
      }
    }
  >
    +
  </Text>
  <Text
    style={
      {
        "fontSize": 25,
      }
    }
  >
    Create New Plan
  </Text>
</View>
`;
