// Jest Snapshot v1, https://goo.gl/fbAQLP

exports[`QRView Component matches snapshot 1`] = `
<View
  style={
    {
      "alignItems": "center",
      "backgroundColor": "white",
      "flex": 1,
      "justifyContent": "center",
    }
  }
>
  <Text>
    The Ice Cream Card
  </Text>
</View>
`;
