// Jest Snapshot v1, https://goo.gl/fbAQLP

exports[`StampCard Component matches snapshot 1`] = `
<View
  style={
    {
      "justifyContent": "center",
      "paddingHorizontal": 10,
      "paddingVertical": 20,
      "width": "100%",
    }
  }
>
  <Text
    style={
      {
        "fontSize": 25,
        "paddingVertical": 10,
        "textAlign": "center",
      }
    }
  >
    Stamps Collected!
  </Text>
  <View
    style={
      {
        "alignItems": "center",
        "flexDirection": "row",
        "justifyContent": "center",
        "marginTop": 10,
      }
    }
  >
    <View
      accessibilityState={
        {
          "busy": undefined,
          "checked": undefined,
          "disabled": undefined,
          "expanded": undefined,
          "selected": undefined,
        }
      }
      accessibilityValue={
        {
          "max": undefined,
          "min": undefined,
          "now": undefined,
          "text": undefined,
        }
      }
      accessible={true}
      collapsable={false}
      focusable={true}
      onClick={[Function]}
      onResponderGrant={[Function]}
      onResponderMove={[Function]}
      onResponderRelease={[Function]}
      onResponderTerminate={[Function]}
      onResponderTerminationRequest={[Function]}
      onStartShouldSetResponder={[Function]}
      style={
        {
          "alignItems": "center",
          "backgroundColor": "lightgrey",
          "borderRadius": 25,
          "height": 35,
          "justifyContent": "center",
          "marginBottom": 10,
          "marginLeft": 15,
          "marginRight": 15,
          "opacity": 1,
          "position": "relative",
          "width": 35,
        }
      }
    >
      <Image
        source={1}
        style={
          {
            "height": 30,
            "left": 0,
            "position": "absolute",
            "resizeMode": "contain",
            "top": 0,
            "width": 30,
          }
        }
      />
      <Text>
        1
      </Text>
      <Image
        source={1}
        style={
          {
            "height": 30,
            "left": 0,
            "position": "absolute",
            "resizeMode": "contain",
            "top": 0,
            "width": 30,
          }
        }
      />
    </View>
    <View
      accessibilityState={
        {
          "busy": undefined,
          "checked": undefined,
          "disabled": undefined,
          "expanded": undefined,
          "selected": undefined,
        }
      }
      accessibilityValue={
        {
          "max": undefined,
          "min": undefined,
          "now": undefined,
          "text": undefined,
        }
      }
      accessible={true}
      collapsable={false}
      focusable={true}
      onClick={[Function]}
      onResponderGrant={[Function]}
      onResponderMove={[Function]}
      onResponderRelease={[Function]}
      onResponderTerminate={[Function]}
      onResponderTerminationRequest={[Function]}
      onStartShouldSetResponder={[Function]}
      style={
        {
          "alignItems": "center",
          "backgroundColor": "lightgrey",
          "borderRadius": 25,
          "height": 35,
          "justifyContent": "center",
          "marginBottom": 10,
          "marginLeft": 15,
          "marginRight": 15,
          "opacity": 1,
          "position": "relative",
          "width": 35,
        }
      }
    >
      <Image
        source={1}
        style={
          {
            "height": 30,
            "left": 0,
            "position": "absolute",
            "resizeMode": "contain",
            "top": 0,
            "width": 30,
          }
        }
      />
      <Text>
        2
      </Text>
      <Image
        source={1}
        style={
          {
            "height": 30,
            "left": 0,
            "position": "absolute",
            "resizeMode": "contain",
            "top": 0,
            "width": 30,
          }
        }
      />
    </View>
    <View
      accessibilityState={
        {
          "busy": undefined,
          "checked": undefined,
          "disabled": undefined,
          "expanded": undefined,
          "selected": undefined,
        }
      }
      accessibilityValue={
        {
          "max": undefined,
          "min": undefined,
          "now": undefined,
          "text": undefined,
        }
      }
      accessible={true}
      collapsable={false}
      focusable={true}
      onClick={[Function]}
      onResponderGrant={[Function]}
      onResponderMove={[Function]}
      onResponderRelease={[Function]}
      onResponderTerminate={[Function]}
      onResponderTerminationRequest={[Function]}
      onStartShouldSetResponder={[Function]}
      style={
        {
          "alignItems": "center",
          "backgroundColor": "lightgrey",
          "borderRadius": 25,
          "height": 35,
          "justifyContent": "center",
          "marginBottom": 10,
          "marginLeft": 15,
          "marginRight": 15,
          "opacity": 1,
          "position": "relative",
          "width": 35,
        }
      }
    >
      <Text>
        3
      </Text>
      <Image
        source={1}
        style={
          {
            "height": 30,
            "left": 0,
            "position": "absolute",
            "resizeMode": "contain",
            "top": 0,
            "width": 30,
          }
        }
      />
    </View>
    <View
      accessibilityState={
        {
          "busy": undefined,
          "checked": undefined,
          "disabled": undefined,
          "expanded": undefined,
          "selected": undefined,
        }
      }
      accessibilityValue={
        {
          "max": undefined,
          "min": undefined,
          "now": undefined,
          "text": undefined,
        }
      }
      accessible={true}
      collapsable={false}
      focusable={true}
      onClick={[Function]}
      onResponderGrant={[Function]}
      onResponderMove={[Function]}
      onResponderRelease={[Function]}
      onResponderTerminate={[Function]}
      onResponderTerminationRequest={[Function]}
      onStartShouldSetResponder={[Function]}
      style={
        {
          "alignItems": "center",
          "backgroundColor": "lightgrey",
          "borderRadius": 25,
          "height": 35,
          "justifyContent": "center",
          "marginBottom": 10,
          "marginLeft": 15,
          "marginRight": 15,
          "opacity": 1,
          "position": "relative",
          "width": 35,
        }
      }
    >
      <Text>
        4
      </Text>
      <Image
        source={1}
        style={
          {
            "height": 30,
            "left": 0,
            "position": "absolute",
            "resizeMode": "contain",
            "top": 0,
            "width": 30,
          }
        }
      />
    </View>
    <View
      accessibilityState={
        {
          "busy": undefined,
          "checked": undefined,
          "disabled": undefined,
          "expanded": undefined,
          "selected": undefined,
        }
      }
      accessibilityValue={
        {
          "max": undefined,
          "min": undefined,
          "now": undefined,
          "text": undefined,
        }
      }
      accessible={true}
      collapsable={false}
      focusable={true}
      onClick={[Function]}
      onResponderGrant={[Function]}
      onResponderMove={[Function]}
      onResponderRelease={[Function]}
      onResponderTerminate={[Function]}
      onResponderTerminationRequest={[Function]}
      onStartShouldSetResponder={[Function]}
      style={
        {
          "alignItems": "center",
          "backgroundColor": "lightgrey",
          "borderRadius": 25,
          "height": 35,
          "justifyContent": "center",
          "marginBottom": 10,
          "marginLeft": 15,
          "marginRight": 15,
          "opacity": 1,
          "position": "relative",
          "width": 35,
        }
      }
    >
      <Text>
        5
      </Text>
      <Image
        source={1}
        style={
          {
            "height": 30,
            "left": 0,
            "position": "absolute",
            "resizeMode": "contain",
            "top": 0,
            "width": 30,
          }
        }
      />
    </View>
  </View>
  <View
    style={
      {
        "alignItems": "center",
        "flexDirection": "row",
        "justifyContent": "center",
        "marginTop": 10,
      }
    }
  >
    <View
      accessibilityState={
        {
          "busy": undefined,
          "checked": undefined,
          "disabled": undefined,
          "expanded": undefined,
          "selected": undefined,
        }
      }
      accessibilityValue={
        {
          "max": undefined,
          "min": undefined,
          "now": undefined,
          "text": undefined,
        }
      }
      accessible={true}
      collapsable={false}
      focusable={true}
      onClick={[Function]}
      onResponderGrant={[Function]}
      onResponderMove={[Function]}
      onResponderRelease={[Function]}
      onResponderTerminate={[Function]}
      onResponderTerminationRequest={[Function]}
      onStartShouldSetResponder={[Function]}
      style={
        {
          "alignItems": "center",
          "backgroundColor": "lightgrey",
          "borderRadius": 25,
          "height": 35,
          "justifyContent": "center",
          "marginBottom": 10,
          "marginLeft": 15,
          "marginRight": 15,
          "opacity": 1,
          "position": "relative",
          "width": 35,
        }
      }
    >
      <Text>
        6
      </Text>
    </View>
    <View
      accessibilityState={
        {
          "busy": undefined,
          "checked": undefined,
          "disabled": undefined,
          "expanded": undefined,
          "selected": undefined,
        }
      }
      accessibilityValue={
        {
          "max": undefined,
          "min": undefined,
          "now": undefined,
          "text": undefined,
        }
      }
      accessible={true}
      collapsable={false}
      focusable={true}
      onClick={[Function]}
      onResponderGrant={[Function]}
      onResponderMove={[Function]}
      onResponderRelease={[Function]}
      onResponderTerminate={[Function]}
      onResponderTerminationRequest={[Function]}
      onStartShouldSetResponder={[Function]}
      style={
        {
          "alignItems": "center",
          "backgroundColor": "lightgrey",
          "borderRadius": 25,
          "height": 35,
          "justifyContent": "center",
          "marginBottom": 10,
          "marginLeft": 15,
          "marginRight": 15,
          "opacity": 1,
          "position": "relative",
          "width": 35,
        }
      }
    >
      <Text>
        7
      </Text>
    </View>
    <View
      accessibilityState={
        {
          "busy": undefined,
          "checked": undefined,
          "disabled": undefined,
          "expanded": undefined,
          "selected": undefined,
        }
      }
      accessibilityValue={
        {
          "max": undefined,
          "min": undefined,
          "now": undefined,
          "text": undefined,
        }
      }
      accessible={true}
      collapsable={false}
      focusable={true}
      onClick={[Function]}
      onResponderGrant={[Function]}
      onResponderMove={[Function]}
      onResponderRelease={[Function]}
      onResponderTerminate={[Function]}
      onResponderTerminationRequest={[Function]}
      onStartShouldSetResponder={[Function]}
      style={
        {
          "alignItems": "center",
          "backgroundColor": "lightgrey",
          "borderRadius": 25,
          "height": 35,
          "justifyContent": "center",
          "marginBottom": 10,
          "marginLeft": 15,
          "marginRight": 15,
          "opacity": 1,
          "position": "relative",
          "width": 35,
        }
      }
    >
      <Text>
        8
      </Text>
    </View>
    <View
      accessibilityState={
        {
          "busy": undefined,
          "checked": undefined,
          "disabled": undefined,
          "expanded": undefined,
          "selected": undefined,
        }
      }
      accessibilityValue={
        {
          "max": undefined,
          "min": undefined,
          "now": undefined,
          "text": undefined,
        }
      }
      accessible={true}
      collapsable={false}
      focusable={true}
      onClick={[Function]}
      onResponderGrant={[Function]}
      onResponderMove={[Function]}
      onResponderRelease={[Function]}
      onResponderTerminate={[Function]}
      onResponderTerminationRequest={[Function]}
      onStartShouldSetResponder={[Function]}
      style={
        {
          "alignItems": "center",
          "backgroundColor": "lightgrey",
          "borderRadius": 25,
          "height": 35,
          "justifyContent": "center",
          "marginBottom": 10,
          "marginLeft": 15,
          "marginRight": 15,
          "opacity": 1,
          "position": "relative",
          "width": 35,
        }
      }
    >
      <Text>
        9
      </Text>
    </View>
    <View
      accessibilityState={
        {
          "busy": undefined,
          "checked": undefined,
          "disabled": undefined,
          "expanded": undefined,
          "selected": undefined,
        }
      }
      accessibilityValue={
        {
          "max": undefined,
          "min": undefined,
          "now": undefined,
          "text": undefined,
        }
      }
      accessible={true}
      collapsable={false}
      focusable={true}
      onClick={[Function]}
      onResponderGrant={[Function]}
      onResponderMove={[Function]}
      onResponderRelease={[Function]}
      onResponderTerminate={[Function]}
      onResponderTerminationRequest={[Function]}
      onStartShouldSetResponder={[Function]}
      style={
        {
          "alignItems": "center",
          "backgroundColor": "lightgrey",
          "borderRadius": 25,
          "height": 35,
          "justifyContent": "center",
          "marginBottom": 10,
          "marginLeft": 15,
          "marginRight": 15,
          "opacity": 1,
          "position": "relative",
          "width": 35,
        }
      }
    >
      <Text>
        10
      </Text>
    </View>
  </View>
  <Modal
    animationType="fade"
    hardwareAccelerated={false}
    transparent={true}
    visible={false}
  />
</View>
`;
